// Jest Snapshot v1, https://goo.gl/fbAQLP

exports[`<Footer /> should match snapshots 1`] = `
.c1 {
  cursor: pointer;
}

.c0 {
  width: 100%;
  display: -webkit-box;
  display: -webkit-flex;
  display: -ms-flexbox;
  display: flex;
  -webkit-align-items: center;
  -webkit-box-align: center;
  -ms-flex-align: center;
  align-items: center;
  -webkit-flex-direction: column;
  -ms-flex-direction: column;
  flex-direction: column;
  -webkit-box-pack: center;
  -webkit-justify-content: center;
  -ms-flex-pack: center;
  justify-content: center;
  padding: 3.2rem 0;
}

.c0 .logo {
  width: 134px;
  margin-bottom: 1.6rem;
}

.c2 {
  color: #A3A3A3;
  font-size: calc(1.6rem + 0.2rem);
  margin-bottom: 3.2rem;
}

.c4 {
  margin-right: 1.6rem;
}

.c5 {
  cursor: pointer;
  -webkit-transition: ease-in-out all 500ms;
  transition: ease-in-out all 500ms;
}

.c5:hover {
  -webkit-transform: translate3d(0px,-7px,0px);
  -ms-transform: translate3d(0px,-7px,0px);
  transform: translate3d(0px,-7px,0px);
}

.c3 {
  margin-bottom: 1.6rem;
}

@media (max-width:768px) {
  .c0 .logo {
    width: 95px;
  }
}

@media (max-width:768px) {
  .c2 {
    font-size: 1.6rem;
  }
}

<footer
  class="c0"
>
  <div
    class=""
  >
    <img
      alt="logo codesec"
      class="c1 logo"
      src="/images/logo-2-codesec.svg"
    />
  </div>
  <p
    class="c2"
  >
    Todos od direitos reservados
  </p>
  <div
    class="c3"
  >
    <a
      class="c4"
    >
      <img
        alt="icon social"
        class="c5"
        src="/images/instagram.svg"
      />
    </a>
    <a
      class="c4"
    >
      <img
        alt="icon social"
        class="c5"
        src="/images/facebook.svg"
      />
    </a>
    <a
      class="c4"
    >
      <img
        alt="icon social"
        class="c5"
        src="/images/youtube.svg"
      />
    </a>
  </div>
</footer>
`;
