// Jest Snapshot v1, https://goo.gl/fbAQLP

exports[`<SectionAbout /> should to match snapshot 1`] = `
.c0 {
  width: 100%;
  margin: 0 auto;
  max-width: 1200px;
  padding: 3.2rem;
  display: -webkit-box;
  display: -webkit-flex;
  display: -ms-flexbox;
  display: flex;
  -webkit-box-pack: center;
  -webkit-justify-content: center;
  -ms-flex-pack: center;
  justify-content: center;
}

.c6 {
  font-size: 5.6rem;
  color: white;
  font-family: 'Raleway',sans-serif;
}

.c4 {
  background-image: linear-gradient(243.46deg,#FA5770 16.66%,#E83752 83.34%);
  background-clip: text;
  -webkit-background-clip: text;
  -webkit-text-fill-color: transparent;
  display: -webkit-box;
  display: -webkit-flex;
  display: -ms-flexbox;
  display: flex;
  -webkit-align-items: center;
  -webkit-box-align: center;
  -ms-flex-align: center;
  align-items: center;
  font-weight: 700;
  -webkit-letter-spacing: 15%;
  -moz-letter-spacing: 15%;
  -ms-letter-spacing: 15%;
  letter-spacing: 15%;
  text-transform: uppercase;
  font-size: calc(1.6rem - 0.2rem);
}

.c1 {
  height: 90vh;
  display: grid;
  -webkit-align-items: center;
  -webkit-box-align: center;
  -ms-flex-align: center;
  align-items: center;
  gap: 2.4rem;
  grid-template-columns: 5fr 7fr;
}

.c2 .c3 {
  margin-bottom: calc(1.6rem - 0.8rem);
}

.c2 .c5 {
  max-width: 328px;
  margin-bottom: 2.4rem;
}

.c7 {
  line-height: 150%;
  color: #A3A3A3;
  font-size: 1.6rem;
  margin-bottom: 2.4rem;
}

.c8 {
  font-weight: bold;
  font-size: 1.6rem;
  color: #FFFFFF;
  display: -webkit-box;
  display: -webkit-flex;
  display: -ms-flexbox;
  display: flex;
  -webkit-align-items: center;
  -webkit-box-align: center;
  -ms-flex-align: center;
  align-items: center;
  margin-bottom: calc(2.4rem - 0.4rem);
}

.c9 {
  width: 32px;
  height: 32px;
  margin-right: 1.6rem;
}

.c10 {
  width: 100%;
}

@media (max-width:768px) {
  .c6 {
    font-size: 4.0rem;
  }
}

@media (max-width:768px) {
  .c1 {
    grid-template-columns: 1fr;
  }
}

<div
  class="c0"
>
  <div
    class="c1"
  >
    <div
      class="c2"
    >
      <span
        class="c3 c4"
        color="redGradient"
      >
        infos
      </span>
      <h1
        class="c5 c6"
        color="white"
      >
        About web series
      </h1>
      <div
        class="c7"
      >
        Aprenda PHP do Jeito Certo Utilizando 100% de Tecnologia Moderna e os Melhores Padr√µes de Projeto Nessa Webserie 100% Online e GRATUITA!
      </div>
      <div
        class=""
      >
        <span
          class="c8"
        >
           
          <img
            alt="icone"
            class="c9"
            src="/images/icon-eye.svg"
          />
          text 1 example
        </span>
        <span
          class="c8"
        >
           
          <img
            alt="icone"
            class="c9"
            src="/images/icon-key.svg"
          />
          text 2 example
        </span>
        <span
          class="c8"
        >
           
          <img
            alt="icone"
            class="c9"
            src="/images/icon-circle.svg"
          />
          text 3 example
        </span>
        <span
          class="c8"
        >
           
          <img
            alt="icone"
            class="c9"
            src="/images/icon-medal.svg"
          />
          text 4 example
        </span>
      </div>
    </div>
    <div
      class=""
    >
      <img
        alt="Illustration about"
        class="c10"
        src="/images/about-ilustration.svg"
      />
    </div>
  </div>
</div>
`;
