// Jest Snapshot v1, https://goo.gl/fbAQLP

exports[`<Header /> should render Header with correct elements 1`] = `
.c3 {
  width: 100%;
  max-width: 190px;
  padding: calc(1.6rem - 0.4rem);
  font-weight: 600;
  text-transform: unset;
  font-size: 1.6rem;
  border: none;
  border-radius: 4px;
  cursor: pointer;
  color: #FFFFFF;
  background: linear-gradient(243.46deg,#FA5770 16.66%,#E83752 83.34%);
  -webkit-transition: all ease-in-out 300ms;
  transition: all ease-in-out 300ms;
}

.c3:hover {
  -webkit-transform: scale(1.01);
  -ms-transform: scale(1.01);
  transform: scale(1.01);
  box-shadow: -10px 15px 40px -15px #FA5770;
}

.c2 {
  cursor: pointer;
}

.c0 {
  width: 100%;
  padding: calc(1.6rem - 0.6rem);
  z-index: 200;
  position: fixed;
  display: -webkit-box;
  display: -webkit-flex;
  display: -ms-flexbox;
  display: flex;
  -webkit-align-items: center;
  -webkit-box-align: center;
  -ms-flex-align: center;
  align-items: center;
  -webkit-box-pack: justify;
  -webkit-justify-content: space-between;
  -ms-flex-pack: justify;
  justify-content: space-between;
  border: 1px solid #1C1B1B;
}

.c0 .c1 {
  width: 220px;
}

@supports (-webkit-backdrop-filter:blur(16px)) or (backdrop-filter:blur(16px)) {
  .c0 {
    background: rgba(10,9,9,0.3);
    -webkit-backdrop-filter: blur(16px);
    backdrop-filter: blur(16px);
  }
}

@media (max-width:768px) {
  .c0 .logo {
    width: 145px;
  }
}

<header
  class="c0"
>
  <div
    class=""
  >
    <img
      alt="Logo codesec"
      class="c1 c2 logo"
      src="/images/codesec-logo.svg"
    />
  </div>
  <button
    class="c3"
  >
    Inscreva-se
  </button>
</header>
`

exports[`<Header /> should render Header with correct styles 1`] = `
.c3 {
  width: 100%;
  max-width: 190px;
  padding: calc(1.6rem - 0.4rem);
  font-weight: 600;
  text-transform: unset;
  font-size: 1.6rem;
  border: none;
  border-radius: 4px;
  cursor: pointer;
  color: #FFFFFF;
  background: linear-gradient(243.46deg,#FA5770 16.66%,#E83752 83.34%);
  -webkit-transition: all ease-in-out 300ms;
  transition: all ease-in-out 300ms;
}

.c3:hover {
  -webkit-transform: scale(1.01);
  -ms-transform: scale(1.01);
  transform: scale(1.01);
  box-shadow: -10px 15px 40px -15px #FA5770;
}

.c2 {
  cursor: pointer;
}

.c0 {
  width: 100%;
  padding: calc(1.6rem - 0.6rem);
  z-index: 200;
  position: fixed;
  display: -webkit-box;
  display: -webkit-flex;
  display: -ms-flexbox;
  display: flex;
  -webkit-align-items: center;
  -webkit-box-align: center;
  -ms-flex-align: center;
  align-items: center;
  -webkit-box-pack: justify;
  -webkit-justify-content: space-between;
  -ms-flex-pack: justify;
  justify-content: space-between;
  border: 1px solid #1C1B1B;
}

.c0 .c1 {
  width: 220px;
}

@supports (-webkit-backdrop-filter:blur(16px)) or (backdrop-filter:blur(16px)) {
  .c0 {
    background: rgba(10,9,9,0.3);
    -webkit-backdrop-filter: blur(16px);
    backdrop-filter: blur(16px);
  }
}

@media (max-width:768px) {
  .c0 .logo {
    width: 145px;
  }
}

<header
  class="c0"
>
  <div
    class=""
  >
    <img
      alt="Logo codesec"
      class="c1 c2 logo"
      src="/images/codesec-logo.svg"
    />
  </div>
  <button
    class="c3"
  >
    Inscreva-se
  </button>
</header>
`
