// Jest Snapshot v1, https://goo.gl/fbAQLP

exports[`<SectionHowItWorks /> should match snapshots 1`] = `
.c0 {
  width: 100%;
  margin: 0 auto;
  max-width: 1200px;
  padding: 3.2rem;
  display: -webkit-box;
  display: -webkit-flex;
  display: -ms-flexbox;
  display: flex;
  -webkit-box-pack: center;
  -webkit-justify-content: center;
  -ms-flex-pack: center;
  justify-content: center;
}

.c7 {
  font-size: 5.6rem;
  color: white;
  font-weight: 600;
  font-family: 'Raleway',sans-serif;
}

.c12 {
  font-size: 2.4rem;
  color: white;
  font-weight: 600;
  font-family: 'Raleway',sans-serif;
}

.c5 {
  background-image: linear-gradient(243.46deg,#FA5770 16.66%,#E83752 83.34%);
  background-clip: text;
  -webkit-background-clip: text;
  -webkit-text-fill-color: transparent;
  display: -webkit-box;
  display: -webkit-flex;
  display: -ms-flexbox;
  display: flex;
  -webkit-align-items: center;
  -webkit-box-align: center;
  -ms-flex-align: center;
  align-items: center;
  font-weight: 700;
  -webkit-letter-spacing: 15%;
  -moz-letter-spacing: 15%;
  -ms-letter-spacing: 15%;
  letter-spacing: 15%;
  text-transform: uppercase;
  font-size: calc(1.6rem - 0.2rem);
}

.c1 {
  width: 100%;
  padding: 6.4rem 0;
}

.c3 > .c4 {
  margin-bottom: calc(1.6rem - 0.8rem);
}

.c3 > .c6 {
  width: 100%;
  max-width: 592px;
}

.c2 {
  width: 100%;
  display: grid;
  -webkit-align-items: baseline;
  -webkit-box-align: baseline;
  -ms-flex-align: baseline;
  align-items: baseline;
  grid-template-columns: 1fr 400px;
  margin-bottom: 5.6rem;
}

.c8 {
  width: 100%;
  max-width: 404px;
  line-height: 150%;
  color: #A3A3A3;
  font-size: 1.6rem;
}

.c9 {
  width: 100%;
  display: -webkit-box;
  display: -webkit-flex;
  display: -ms-flexbox;
  display: flex;
  -webkit-align-items: center;
  -webkit-box-align: center;
  -ms-flex-align: center;
  align-items: center;
  gap: 2.4rem;
  -webkit-box-pack: justify;
  -webkit-justify-content: space-between;
  -ms-flex-pack: justify;
  justify-content: space-between;
}

.c13 {
  width: 100%;
  max-width: 300px;
  line-height: 150%;
  color: #A3A3A3;
  font-size: 1.6rem;
}

.c10 {
  width: 100%;
  position: relative;
  padding: 2.4rem 1.6rem;
  background: #0A0909;
  margin-bottom: 2.4rem;
  display: -webkit-box;
  display: -webkit-flex;
  display: -ms-flexbox;
  display: flex;
  -webkit-align-items: center;
  -webkit-box-align: center;
  -ms-flex-align: center;
  align-items: center;
  -webkit-flex-direction: column;
  -ms-flex-direction: column;
  flex-direction: column;
  -webkit-box-pack: center;
  -webkit-justify-content: center;
  -ms-flex-pack: center;
  justify-content: center;
  border-radius: 3px;
  -webkit-transition: 300ms ease-in-out;
  transition: 300ms ease-in-out;
}

.c10::before {
  content: '';
  position: absolute;
  inset: 0;
  z-index: -1;
  margin: -1.5px;
  border-radius: 3px;
  background: linear-gradient(225.05deg,#FA5770 0%,rgba(232,55,82,0) 100%);
}

.c10:hover {
  background: linear-gradient(225.05deg,rgba(250,87,112,0.1) 0%,rgba(232,55,82,0) 50%);
}

.c10 > .c6 {
  position: relative;
  font-size: 2.4rem;
  margin-bottom: calc(2.4rem - 0.4rem);
}

.c11 {
  width: 64px;
  z-index: 10000;
  margin-bottom: calc(2.4rem - 0.4rem);
}

@media (max-width:768px) {
  .c7 {
    font-size: 4.0rem;
  }
}

@media (max-width:768px) {
  .c12 {
    font-size: 4.0rem;
  }
}

@media screen and (max-width:520px) {
  .c3 > .c6 {
    margin-bottom: 2.4rem;
  }
}

@media (max-width:768px) {
  .c3 > .c6 {
    font-size: calc(3.2rem + 0.4rem);
  }
}

@media screen and (max-width:520px) {
  .c2 {
    -webkit-box-pack: center;
    -webkit-justify-content: center;
    -ms-flex-pack: center;
    justify-content: center;
    grid-template-columns: 1fr;
  }
}

@media (max-width:768px) {
  .c9 {
    -webkit-flex-direction: column;
    -ms-flex-direction: column;
    flex-direction: column;
    -webkit-box-pack: center;
    -webkit-justify-content: center;
    -ms-flex-pack: center;
    justify-content: center;
  }
}

<div
  class="c0"
>
  <section
    class="c1"
  >
    <div
      class="c2"
    >
      <div
        class="c3"
        data-aos="fade-right"
      >
        <span
          class="c4 c5"
          color="redGradient"
        >
          Subtitle
        </span>
        <h1
          class="c6 c7"
          color="white"
        >
          Title Section example
        </h1>
      </div>
      <p
        class="c8"
        data-aos="fade-right"
      >
        Lorem ipsum dolor sit amet pretium sed, ullamcorper vel nisi. Cras varius ex sed dapibus sagittis. Cras orci libero, vestibulum tristique enim vel, volutpat euismod ligula.
      </p>
    </div>
    <div
      class="c9"
    >
      <div
        class=""
        data-aos="fade-up-right"
      >
        <div
          class="c10"
        >
          <img
            alt="Icon"
            class="c11"
            src="https://res.cloudinary.com/vsantana/image/upload/v1650500029/icon_lock_6d7fca3f3c.svg"
          />
          <h5
            class="c6 c12"
            color="white"
          >
            Passo 1
          </h5>
          <p
            class="c13"
          >
            Lorem ipsum dolor sit amet, consectetur adipiscing elit. Praesent leo urna, semper vel pretium sed, ullamcorper vel nisi. Cras varius ex sed dapibus sagittis. Cras orci libero, vestibulum tristique enim vel, volutpat euismod ligula.
          </p>
        </div>
      </div>
      <div
        class=""
        data-aos="fade-up-right"
      >
        <div
          class="c10"
        >
          <img
            alt="Icon"
            class="c11"
            src="https://res.cloudinary.com/vsantana/image/upload/v1650500029/icon_lock_6d7fca3f3c.svg"
          />
          <h5
            class="c6 c12"
            color="white"
          >
            Passo 1
          </h5>
          <p
            class="c13"
          >
            Lorem ipsum dolor sit amet, consectetur adipiscing elit. Praesent leo urna, semper vel pretium sed, ullamcorper vel nisi. Cras varius ex sed dapibus sagittis. Cras orci libero, vestibulum tristique enim vel, volutpat euismod ligula.
          </p>
        </div>
      </div>
      <div
        class=""
        data-aos="fade-up-right"
      >
        <div
          class="c10"
        >
          <img
            alt="Icon"
            class="c11"
            src="https://res.cloudinary.com/vsantana/image/upload/v1650500029/icon_lock_6d7fca3f3c.svg"
          />
          <h5
            class="c6 c12"
            color="white"
          >
            Passo 1
          </h5>
          <p
            class="c13"
          >
            Lorem ipsum dolor sit amet, consectetur adipiscing elit. Praesent leo urna, semper vel pretium sed, ullamcorper vel nisi. Cras varius ex sed dapibus sagittis. Cras orci libero, vestibulum tristique enim vel, volutpat euismod ligula.
          </p>
        </div>
      </div>
    </div>
  </section>
</div>
`
